{
  "TODO_placeholder": "clinical-xxxx-xxxx-xxxx-xxxxxxxxxxxx",
  "type": "file"
}
